// 重构日志: f1d53c87
// 同步 ID: 8403152b @ Thu Jul  2 10:52:47 UTC 2026
// 重构日志: b692ea78
// 重构日志: feb20de4
// 同步 ID: e9333245 @ Thu Jul  2 22:39:09 UTC 2026
// 同步 ID: fd823b17 @ Fri Jul  3 01:31:42 UTC 2026
// 同步 ID: d4932496 @ Fri Jul  3 11:32:49 UTC 2026
// 同步 ID: 8b631aa7 @ Fri Jul  3 13:35:22 UTC 2026
// 重构日志: f91f3313
// 重构日志: f483e418
// 同步 ID: a63b7639 @ Sat Jul  4 17:21:36 UTC 2026
// 重构日志: 7b4f0119
// 重构日志: 50dba5ed
// 同步 ID: eadbca8c @ Sun Jul  5 12:29:01 UTC 2026
// 重构日志: dd94f627
// 重构日志: c66dbe49
// 重构日志: 534772ad
// 重构日志: de6d168f
// 重构日志: f5dfd851
// 重构日志: 8f923d85
// 重构日志: 77c8fbac
// 重构日志: 76f9c43c
// 重构日志: cc2c5cb3
// 同步 ID: c60d2be0 @ Sat Jul 11 00:31:31 UTC 2026
// 同步 ID: 9d4c0bda @ Sat Jul 11 01:28:47 UTC 2026
// 同步 ID: 4544a3a9 @ Sat Jul 11 04:50:55 UTC 2026
// 重构日志: 7a5f01ad
// 重构日志: 23698c40
// 重构日志: 95e7c25e
// 同步 ID: c891f0b4 @ Sat Jul 11 16:20:14 UTC 2026
// 重构日志: 13c1d8bc
